[zen-g-seven.vercel.app/home-vertical.html]
[backblue.gif]
[fade.gif]
[index.html]
[zen-g-seven.vercel.app/css/bootstrap.css]
[zen-g-seven.vercel.app/css/odometer.min.css]
[zen-g-seven.vercel.app/css/swiper-bundle.min.css]
[zen-g-seven.vercel.app/css/animateText.css]
[zen-g-seven.vercel.app/css/jquery.fancybox.min.css]
[zen-g-seven.vercel.app/css/styles.css]
[zen-g-seven.vercel.app/font/fonts.css]
[zen-g-seven.vercel.app/icons/icomoon/style.css]
[zen-g-seven.vercel.app/images/logo/favicon.svg]
[zen-g-seven.vercel.app/images/user/avatar-2.webp]
[zen-g-seven.vercel.app/images/user/avatar.webp]
[zen-g-seven.vercel.app/images/item/small-comet.png]
[zen-g-seven.vercel.app/images/item/small-comet.webp]
[zen-g-seven.vercel.app/images/item/service-item-1.webp]
[zen-g-seven.vercel.app/images/item/service-item-2.webp]
[zen-g-seven.vercel.app/images/item/service-item-3.webp]
[zen-g-seven.vercel.app/images/item/service-item-4.webp]
[zen-g-seven.vercel.app/images/user/portfolio-item-1.webp]
[zen-g-seven.vercel.app/images/user/portfolio-item-2.webp]
[zen-g-seven.vercel.app/images/user/portfolio-item-3.webp]
[zen-g-seven.vercel.app/images/user/portfolio-item-4.webp]
[zen-g-seven.vercel.app/images/logo/partner-1.png]
[zen-g-seven.vercel.app/images/logo/partner-3.png]
[zen-g-seven.vercel.app/images/logo/partner-2.png]
[zen-g-seven.vercel.app/images/logo/partner-5.png]
[zen-g-seven.vercel.app/images/logo/partner-8.png]
[zen-g-seven.vercel.app/images/logo/partner-6.png]
[zen-g-seven.vercel.app/images/logo/partner-9.png]
[zen-g-seven.vercel.app/images/logo/partner-4.png]
[zen-g-seven.vercel.app/images/logo/partner-7.png]
[zen-g-seven.vercel.app/images/logo/footer-logo.png]
[zen-g-seven.vercel.app/images/landing/feature-bg-1.webp]
[zen-g-seven.vercel.app/home-v1.html]
[zen-g-seven.vercel.app/images/landing/feature-bg-2.webp]
[zen-g-seven.vercel.app/home-v2.html]
[zen-g-seven.vercel.app/images/landing/feature-bg-3.webp]
[zen-g-seven.vercel.app/home-v3.html]
[zen-g-seven.vercel.app/images/landing/feature-bg-4.webp]
[zen-g-seven.vercel.app/home-v4.html]
[zen-g-seven.vercel.app/images/landing/feature-bg-7.webp]
[zen-g-seven.vercel.app/home-v7.html]
[zen-g-seven.vercel.app/images/landing/feature-bg-5.webp]
[zen-g-seven.vercel.app/home-v5.html]
[zen-g-seven.vercel.app/images/landing/feature-bg-6.webp]
[zen-g-seven.vercel.app/home-v6.html]
[zen-g-seven.vercel.app/images/landing/feature-bg-8.webp]
[zen-g-seven.vercel.app/home-v8.html]
[zen-g-seven.vercel.app/images/landing/feature-bg-9.webp]
[zen-g-seven.vercel.app/home-v9.html]
[zen-g-seven.vercel.app/images/landing/feature-bg-11.webp]
[zen-g-seven.vercel.app/home-v10.html]
[zen-g-seven.vercel.app/images/landing/feature-bg-10.webp]
[zen-g-seven.vercel.app/home-v11.html]
[zen-g-seven.vercel.app/js/bootstrap.min.js]
[zen-g-seven.vercel.app/js/jquery.min.js]
[zen-g-seven.vercel.app/js/ScrollTrigger.min.js]
[zen-g-seven.vercel.app/js/SplitText.min.js]
[zen-g-seven.vercel.app/js/gsap.min.js]
[zen-g-seven.vercel.app/js/handleGsap.js]
[zen-g-seven.vercel.app/js/odometer.min.js]
[zen-g-seven.vercel.app/js/counter.js]
[zen-g-seven.vercel.app/js/swiper-bundle.min.js]
[zen-g-seven.vercel.app/js/carousel.js]
[zen-g-seven.vercel.app/js/textanimation.js]
[zen-g-seven.vercel.app/js/ScrollSmooth.js]
[zen-g-seven.vercel.app/js/jquery.fancybox.js]
[zen-g-seven.vercel.app/js/splitting.min.js]
[zen-g-seven.vercel.app/home-vertical.html]
[zen-g-seven.vercel.app/css/bootstrap.css]
[zen-g-seven.vercel.app/css/odometer.min.css]
[zen-g-seven.vercel.app/css/swiper-bundle.min.css]
[zen-g-seven.vercel.app/css/animateText.css]
[zen-g-seven.vercel.app/css/jquery.fancybox.min.css]
[zen-g-seven.vercel.app/js/main.js]
[zen-g-seven.vercel.app/images/item/bg-shape.svg]
[zen-g-seven.vercel.app/index.html]
[zen-g-seven.vercel.app/images/item/bg-portfolio-light.png]
[zen-g-seven.vercel.app/images/item/bg-portfolio-dark.png]
[zen-g-seven.vercel.app/css/styles.css]
[zen-g-seven.vercel.app/font/Nasalization.48.delayed]
[zen-g-seven.vercel.app/font/fonts.css]
[zen-g-seven.vercel.app/icons/icomoon/fonts/icomoon4555.eot]
[zen-g-seven.vercel.app/icons/icomoon/fonts/icomoon4555.ttf]
[zen-g-seven.vercel.app/icons/icomoon/fonts/icomoon4555.woff]
[zen-g-seven.vercel.app/icons/icomoon/style.css]
[zen-g-seven.vercel.app/images/logo/favicon.svg]
[zen-g-seven.vercel.app/icons/icomoon/fonts/icomoon4555.svg]
[zen-g-seven.vercel.app/video/Vecteezy-Abstract-Blue-Waves.mp4]
[zen-g-seven.vercel.app/home-v1.html]
[zen-g-seven.vercel.app/video/Vibrant-Particle-Glow.mp4]
[zen-g-seven.vercel.app/home-v2.html]
[zen-g-seven.vercel.app/video/Digital-Particle-Wave-And-Lights.mp4]
[zen-g-seven.vercel.app/home-v3.html]
[zen-g-seven.vercel.app/video/Particles-Slowly-Moving-In-Cyberspace.mp4]
[zen-g-seven.vercel.app/home-v4.html]
[zen-g-seven.vercel.app/video/Plexus-Tech-Background-With-Glowing.mp4]
[zen-g-seven.vercel.app/home-v7.html]
[zen-g-seven.vercel.app/video/Dust-Dot-Particles.mp4]
[zen-g-seven.vercel.app/home-v5.html]
[zen-g-seven.vercel.app/video/White-And-Black-Color-Particles-Wave-Cyber-Technology.mp4]
[zen-g-seven.vercel.app/home-v6.html]
[zen-g-seven.vercel.app/video/Dark-Minimalist-Tech-Background-With-A-Digital.mp4]
[zen-g-seven.vercel.app/home-v8.html]
[zen-g-seven.vercel.app/video/A-Glowing-Green-Energy-Sphere.mp4]
[zen-g-seven.vercel.app/home-v9.html]
[zen-g-seven.vercel.app/video/Dotted-waves-bounce.mp4]
[zen-g-seven.vercel.app/home-v10.html]
[zen-g-seven.vercel.app/video/video3.mp4]
[zen-g-seven.vercel.app/home-v11.html]
[zen-g-seven.vercel.app/images/user/portfolio-item-1-1.webp]
[zen-g-seven.vercel.app/images/user/portfolio-item-3-1.webp]
[zen-g-seven.vercel.app/images/user/portfolio-item-2-1.webp]
[zen-g-seven.vercel.app/images/user/portfolio-item-4-1.webp]
[zen-g-seven.vercel.app/index.html]
[zen-g-seven.vercel.app/images/item/bg-shape.svg]
[zen-g-seven.vercel.app/font/Nasalization.html]
[zen-g-seven.vercel.app/icons/icomoon/fonts/icomoon4555.svg]
[zen-g-seven.vercel.app/video/Digital-Particle-Wave-And-Lights.mp4]
